// Bun Snapshot v1, https://goo.gl/fbAQLP

exports[`run cli 1`] = `
"Usage: envctl use <ctx>

flag:
    --help,      Show help to envctl
    -h

command:
    use       Build the env file. Example: envctl use <context>
    list      List environment available
    version   Show version enabled
    init      Init the template file

"
`;

exports[`run use local env (using full path) 1`] = `
"Created env by .env.local file
"
`;

exports[`run use local env (using full path) 2`] = `"FOO="biz""`;

exports[`run use local env (using partial path) 1`] = `
"Created env by .env.local file
"
`;

exports[`run use local env (using partial path) 2`] = `"FOO="biz""`;

exports[`run use local env (using subpath location) 1`] = `
"Created env by .envs/local.env file
"
`;

exports[`run use local env (using subpath location) 2`] = `"FOO="biz""`;

exports[`run use local env (using subpath relative location) 1`] = `
"Created env by .envs/local.env file
"
`;

exports[`run use local env (using subpath relative location) 2`] = `"FOO="biz""`;

exports[`should call to envctl list and display all envs files found 1`] = `
"- aaa (.env.aaa)
- bbb (.bbb.env)
- ddd (.envs/.ddd)
- cc (.envs/ccc)
- fff (.envs/.fff.env)
- eee (.envs/eee.env)
"
`;

exports[`should call to envctl list and display json output 1`] = `
[
  {
    "type": "ERROR",
    "value": 
"No contexts found. You can create one by making a .env.<ctx> file and adding desired variables.
"
,
  },
  {
    "type": "LOG",
    "value": "[]",
  },
]
`;

exports[`should create a .env with espacial characters values: messages 1`] = `
[
  {
    "type": "INFO",
    "value": 
"Created env by .envs/staging file
"
,
  },
]
`;

exports[`should create a .env with espacial characters values: .env payload 1`] = `
"FOO="biz taz"
"
`;
